<UITableView: 0x7fc67403a200; frame = (0 0; 414 896); clipsToBounds = YES; autoresize = W+H; gestureRecognizers = <NSArray: 0x7fc675171600>; layer = <CALayer: 0x7fc67351c610>; contentOffset: {0, 0}; contentSize: {0, 0}; adjustedContentInset: {0, 0, 0, 0}>